Release 14.1 - xst P.15xf (nt64)
Copyright (c) 1995-2012 Xilinx, Inc.  All rights reserved.
--> Parameter TMPDIR set to xst/projnav.tmp


Total REAL time to Xst completion: 0.00 secs
Total CPU time to Xst completion: 0.12 secs
 
--> Parameter xsthdpdir set to xst


Total REAL time to Xst completion: 0.00 secs
Total CPU time to Xst completion: 0.12 secs
 
--> Reading design: debounce_test.prj

TABLE OF CONTENTS
  1) Synthesis Options Summary
  2) HDL Parsing
  3) HDL Elaboration
  4) HDL Synthesis
       4.1) HDL Synthesis Report
  5) Advanced HDL Synthesis
       5.1) Advanced HDL Synthesis Report
  6) Low Level Synthesis
  7) Partition Report
  8) Design Summary
       8.1) Primitive and Black Box Usage
       8.2) Device utilization summary
       8.3) Partition Resource Summary
       8.4) Timing Report
            8.4.1) Clock Information
            8.4.2) Asynchronous Control Signals Information
            8.4.3) Timing Summary
            8.4.4) Timing Details
            8.4.5) Cross Clock Domains Report


=========================================================================
*                      Synthesis Options Summary                        *
=========================================================================
---- Source Parameters
Input File Name                    : "debounce_test.prj"
Ignore Synthesis Constraint File   : NO

---- Target Parameters
Output File Name                   : "debounce_test"
Output Format                      : NGC
Target Device                      : xc6slx9-3-tqg144

---- Source Options
Top Module Name                    : debounce_test
Automatic FSM Extraction           : YES
FSM Encoding Algorithm             : Auto
Safe Implementation                : No
FSM Style                          : LUT
RAM Extraction                     : Yes
RAM Style                          : Auto
ROM Extraction                     : Yes
Shift Register Extraction          : YES
ROM Style                          : Auto
Resource Sharing                   : YES
Asynchronous To Synchronous        : NO
Shift Register Minimum Size        : 2
Use DSP Block                      : Auto
Automatic Register Balancing       : No

---- Target Options
LUT Combining                      : Auto
Reduce Control Sets                : Auto
Add IO Buffers                     : YES
Global Maximum Fanout              : 100000
Add Generic Clock Buffer(BUFG)     : 16
Register Duplication               : YES
Optimize Instantiated Primitives   : NO
Use Clock Enable                   : Auto
Use Synchronous Set                : Auto
Use Synchronous Reset              : Auto
Pack IO Registers into IOBs        : Auto
Equivalent register Removal        : YES

---- General Options
Optimization Goal                  : Speed
Optimization Effort                : 1
Power Reduction                    : NO
Keep Hierarchy                     : No
Netlist Hierarchy                  : As_Optimized
RTL Output                         : Yes
Global Optimization                : AllClockNets
Read Cores                         : YES
Write Timing Constraints           : NO
Cross Clock Analysis               : NO
Hierarchy Separator                : /
Bus Delimiter                      : <>
Case Specifier                     : Maintain
Slice Utilization Ratio            : 100
BRAM Utilization Ratio             : 100
DSP48 Utilization Ratio            : 100
Auto BRAM Packing                  : NO
Slice Utilization Ratio Delta      : 5

=========================================================================


=========================================================================
*                          HDL Parsing                                  *
=========================================================================
Analyzing Verilog file "D:\My Documents\Dropbox\Prj\Valent\Mark1\SRC\FPGA\Pong_Chu_SRC\Mark1_Pong_Chu\ch05\list_ch05_06_db_fsm.v" into library work
Parsing module <db_fsm>.
Analyzing Verilog file "D:\My Documents\Dropbox\Prj\Valent\Mark1\SRC\FPGA\Pong_Chu_SRC\Mark1_Pong_Chu\ch04\list_ch04_15_disp_hex_mux.v" into library work
Parsing module <disp_hex_mux>.
Analyzing Verilog file "D:\My Documents\Dropbox\Prj\Valent\Mark1\SRC\FPGA\Pong_Chu_SRC\Mark1_Pong_Chu\ch05\list_ch05_07_debounce_test.v" into library work
Parsing module <debounce_test>.

=========================================================================
*                            HDL Elaboration                            *
=========================================================================

Elaborating module <debounce_test>.

Elaborating module <disp_hex_mux>.
WARNING:HDLCompiler:413 - "D:\My Documents\Dropbox\Prj\Valent\Mark1\SRC\FPGA\Pong_Chu_SRC\Mark1_Pong_Chu\ch04\list_ch04_15_disp_hex_mux.v" Line 33: Result of 19-bit expression is truncated to fit in 18-bit target.

Elaborating module <db_fsm>.
WARNING:HDLCompiler:413 - "D:\My Documents\Dropbox\Prj\Valent\Mark1\SRC\FPGA\Pong_Chu_SRC\Mark1_Pong_Chu\ch05\list_ch05_06_db_fsm.v" Line 37: Result of 20-bit expression is truncated to fit in 19-bit target.
WARNING:HDLCompiler:413 - "D:\My Documents\Dropbox\Prj\Valent\Mark1\SRC\FPGA\Pong_Chu_SRC\Mark1_Pong_Chu\ch05\list_ch05_07_debounce_test.v" Line 57: Result of 32-bit expression is truncated to fit in 8-bit target.
WARNING:HDLCompiler:413 - "D:\My Documents\Dropbox\Prj\Valent\Mark1\SRC\FPGA\Pong_Chu_SRC\Mark1_Pong_Chu\ch05\list_ch05_07_debounce_test.v" Line 59: Result of 32-bit expression is truncated to fit in 8-bit target.

=========================================================================
*                           HDL Synthesis                               *
=========================================================================

Synthesizing Unit <debounce_test>.
    Related source file is "D:\My Documents\Dropbox\Prj\Valent\Mark1\SRC\FPGA\Pong_Chu_SRC\Mark1_Pong_Chu\ch05\list_ch05_07_debounce_test.v".
    Found 1-bit register for signal <db_reg>.
    Found 8-bit register for signal <b_reg>.
    Found 8-bit register for signal <d_reg>.
    Found 1-bit register for signal <btn_reg>.
    Found 9-bit adder for signal <n0034[8:0]> created at line 58.
    Found 9-bit adder for signal <n0036[8:0]> created at line 60.
    Summary:
	inferred   2 Adder/Subtractor(s).
	inferred  18 D-type flip-flop(s).
Unit <debounce_test> synthesized.

Synthesizing Unit <disp_hex_mux>.
    Related source file is "D:\My Documents\Dropbox\Prj\Valent\Mark1\SRC\FPGA\Pong_Chu_SRC\Mark1_Pong_Chu\ch04\list_ch04_15_disp_hex_mux.v".
    Found 18-bit register for signal <q_reg>.
    Found 18-bit adder for signal <q_next> created at line 33.
    Found 4x5-bit Read Only RAM for signal <_n0034>
    Found 16x7-bit Read Only RAM for signal <_n0051[0:6]>
    Found 1-bit 4-to-1 multiplexer for signal <hex_in<3>> created at line 72.
    Found 1-bit 4-to-1 multiplexer for signal <hex_in<2>> created at line 72.
    Found 1-bit 4-to-1 multiplexer for signal <hex_in<1>> created at line 72.
    Found 1-bit 4-to-1 multiplexer for signal <hex_in<0>> created at line 72.
    Summary:
	inferred   2 RAM(s).
	inferred   1 Adder/Subtractor(s).
	inferred  18 D-type flip-flop(s).
	inferred   4 Multiplexer(s).
Unit <disp_hex_mux> synthesized.

Synthesizing Unit <db_fsm>.
    Related source file is "D:\My Documents\Dropbox\Prj\Valent\Mark1\SRC\FPGA\Pong_Chu_SRC\Mark1_Pong_Chu\ch05\list_ch05_06_db_fsm.v".
    Found 3-bit register for signal <state_reg>.
    Found 19-bit register for signal <q_reg>.
    Found finite state machine <FSM_0> for signal <state_reg>.
    -----------------------------------------------------------------------
    | States             | 8                                              |
    | Transitions        | 22                                             |
    | Inputs             | 2                                              |
    | Outputs            | 1                                              |
    | Clock              | clk (rising_edge)                              |
    | Reset              | reset (positive)                               |
    | Reset type         | asynchronous                                   |
    | Reset State        | 000                                            |
    | Encoding           | auto                                           |
    | Implementation     | LUT                                            |
    -----------------------------------------------------------------------
    Found 19-bit adder for signal <q_next> created at line 37.
    Summary:
	inferred   1 Adder/Subtractor(s).
	inferred  19 D-type flip-flop(s).
	inferred   1 Finite State Machine(s).
Unit <db_fsm> synthesized.

=========================================================================
HDL Synthesis Report

Macro Statistics
# RAMs                                                 : 2
 16x7-bit single-port Read Only RAM                    : 1
 4x5-bit single-port Read Only RAM                     : 1
# Adders/Subtractors                                   : 4
 18-bit adder                                          : 1
 19-bit adder                                          : 1
 9-bit adder                                           : 2
# Registers                                            : 6
 1-bit register                                        : 2
 18-bit register                                       : 1
 19-bit register                                       : 1
 8-bit register                                        : 2
# Multiplexers                                         : 4
 1-bit 4-to-1 multiplexer                              : 4
# FSMs                                                 : 1

=========================================================================

=========================================================================
*                       Advanced HDL Synthesis                          *
=========================================================================


Synthesizing (advanced) Unit <db_fsm>.
The following registers are absorbed into counter <q_reg>: 1 register on signal <q_reg>.
Unit <db_fsm> synthesized (advanced).

Synthesizing (advanced) Unit <debounce_test>.
The following registers are absorbed into counter <b_reg>: 1 register on signal <b_reg>.
The following registers are absorbed into counter <d_reg>: 1 register on signal <d_reg>.
Unit <debounce_test> synthesized (advanced).

Synthesizing (advanced) Unit <disp_hex_mux>.
The following registers are absorbed into counter <q_reg>: 1 register on signal <q_reg>.
INFO:Xst:3218 - HDL ADVISOR - The RAM <Mram__n0034> will be implemented on LUTs either because you have described an asynchronous read or because of currently unsupported block RAM features. If you have described an asynchronous read, making it synchronous would allow you to take advantage of available block RAM resources, for optimized device usage and improved timings. Please refer to your documentation for coding guidelines.
    -----------------------------------------------------------------------
    | ram_type           | Distributed                         |          |
    -----------------------------------------------------------------------
    | Port A                                                              |
    |     aspect ratio   | 4-word x 5-bit                      |          |
    |     weA            | connected to signal <GND>           | high     |
    |     addrA          | connected to signal <q_reg>         |          |
    |     diA            | connected to signal <GND>           |          |
    |     doA            | connected to internal node          |          |
    -----------------------------------------------------------------------
INFO:Xst:3218 - HDL ADVISOR - The RAM <Mram__n0051[0:6]> will be implemented on LUTs either because you have described an asynchronous read or because of currently unsupported block RAM features. If you have described an asynchronous read, making it synchronous would allow you to take advantage of available block RAM resources, for optimized device usage and improved timings. Please refer to your documentation for coding guidelines.
    -----------------------------------------------------------------------
    | ram_type           | Distributed                         |          |
    -----------------------------------------------------------------------
    | Port A                                                              |
    |     aspect ratio   | 16-word x 7-bit                     |          |
    |     weA            | connected to signal <GND>           | high     |
    |     addrA          | connected to signal <hex_in>        |          |
    |     diA            | connected to signal <GND>           |          |
    |     doA            | connected to internal node          |          |
    -----------------------------------------------------------------------
Unit <disp_hex_mux> synthesized (advanced).

=========================================================================
Advanced HDL Synthesis Report

Macro Statistics
# RAMs                                                 : 2
 16x7-bit single-port distributed Read Only RAM        : 1
 4x5-bit single-port distributed Read Only RAM         : 1
# Counters                                             : 4
 18-bit up counter                                     : 1
 19-bit up counter                                     : 1
 8-bit up counter                                      : 2
# Registers                                            : 2
 Flip-Flops                                            : 2
# Multiplexers                                         : 4
 1-bit 4-to-1 multiplexer                              : 4
# FSMs                                                 : 1

=========================================================================

=========================================================================
*                         Low Level Synthesis                           *
=========================================================================
Analyzing FSM <MFsm> for best encoding.
Optimizing FSM <FSM_0> on signal <state_reg[1:3]> with user encoding.
-------------------
 State | Encoding
-------------------
 000   | 000
 001   | 001
 010   | 010
 011   | 011
 100   | 100
 101   | 101
 110   | 110
 111   | 111
-------------------

Optimizing unit <debounce_test> ...

Mapping all equations...
Building and optimizing final netlist ...
Found area constraint ratio of 100 (+ 5) on block debounce_test, actual ratio is 1.

Final Macro Processing ...

=========================================================================
Final Register Report

Macro Statistics
# Registers                                            : 58
 Flip-Flops                                            : 58

=========================================================================

=========================================================================
*                           Partition Report                            *
=========================================================================

Partition Implementation Status
-------------------------------

  No Partitions were found in this design.

-------------------------------

=========================================================================
*                            Design Summary                             *
=========================================================================

Top Level Output File Name         : debounce_test.ngc

Primitive and Black Box Usage:
------------------------------
# BELS                             : 188
#      GND                         : 1
#      INV                         : 7
#      LUT1                        : 49
#      LUT2                        : 6
#      LUT3                        : 2
#      LUT4                        : 10
#      LUT6                        : 10
#      MUXCY                       : 49
#      VCC                         : 1
#      XORCY                       : 53
# FlipFlops/Latches                : 58
#      FD                          : 21
#      FDC                         : 21
#      FDRE                        : 16
# Clock Buffers                    : 1
#      BUFGP                       : 1
# IO Buffers                       : 15
#      IBUF                        : 3
#      OBUF                        : 12

Device utilization summary:
---------------------------

Selected Device : 6slx9tqg144-3 


Slice Logic Utilization: 
 Number of Slice Registers:              58  out of  11440     0%  
 Number of Slice LUTs:                   84  out of   5720     1%  
    Number used as Logic:                84  out of   5720     1%  

Slice Logic Distribution: 
 Number of LUT Flip Flop pairs used:     85
   Number with an unused Flip Flop:      27  out of     85    31%  
   Number with an unused LUT:             1  out of     85     1%  
   Number of fully used LUT-FF pairs:    57  out of     85    67%  
   Number of unique control sets:         4

IO Utilization: 
 Number of IOs:                          16
 Number of bonded IOBs:                  16  out of    102    15%  

Specific Feature Utilization:
 Number of BUFG/BUFGCTRLs:                1  out of     16     6%  

---------------------------
Partition Resource Summary:
---------------------------

  No Partitions were found in this design.

---------------------------


=========================================================================
Timing Report

NOTE: THESE TIMING NUMBERS ARE ONLY A SYNTHESIS ESTIMATE.
      FOR ACCURATE TIMING INFORMATION PLEASE REFER TO THE TRACE REPORT
      GENERATED AFTER PLACE-and-ROUTE.

Clock Information:
------------------
-----------------------------------+------------------------+-------+
Clock Signal                       | Clock buffer(FF name)  | Load  |
-----------------------------------+------------------------+-------+
clk                                | BUFGP                  | 58    |
-----------------------------------+------------------------+-------+

Asynchronous Control Signals Information:
----------------------------------------
No asynchronous control signals found in this design

Timing Summary:
---------------
Speed Grade: -3

   Minimum period: 2.818ns (Maximum Frequency: 354.925MHz)
   Minimum input arrival time before clock: 3.658ns
   Maximum output required time after clock: 6.217ns
   Maximum combinational path delay: No path found

Timing Details:
---------------
All values displayed in nanoseconds (ns)

=========================================================================
Timing constraint: Default period analysis for Clock 'clk'
  Clock period: 2.818ns (frequency: 354.925MHz)
  Total number of paths / destination ports: 529 / 73
-------------------------------------------------------------------------
Delay:               2.818ns (Levels of Logic = 2)
  Source:            db_unit/q_reg_1 (FF)
  Destination:       db_unit/state_reg_FSM_FFd1 (FF)
  Source Clock:      clk rising
  Destination Clock: clk rising

  Data Path: db_unit/q_reg_1 to db_unit/state_reg_FSM_FFd1
                                Gate     Net
    Cell:in->out      fanout   Delay   Delay  Logical Name (Net Name)
    ----------------------------------------  ------------
     FD:C->Q               2   0.447   0.981  db_unit/q_reg_1 (db_unit/q_reg_1)
     LUT6:I0->O            3   0.203   0.879  db_unit/m_tick<18>1 (db_unit/m_tick<18>)
     LUT6:I3->O            1   0.205   0.000  db_unit/state_reg_FSM_FFd1-In1 (db_unit/state_reg_FSM_FFd1-In)
     FDC:D                     0.102          db_unit/state_reg_FSM_FFd1
    ----------------------------------------
    Total                      2.818ns (0.957ns logic, 1.861ns route)
                                       (34.0% logic, 66.0% route)

=========================================================================
Timing constraint: Default OFFSET IN BEFORE for Clock 'clk'
  Total number of paths / destination ports: 51 / 49
-------------------------------------------------------------------------
Offset:              3.658ns (Levels of Logic = 3)
  Source:            btn<1> (PAD)
  Destination:       db_unit/state_reg_FSM_FFd3 (FF)
  Destination Clock: clk rising

  Data Path: btn<1> to db_unit/state_reg_FSM_FFd3
                                Gate     Net
    Cell:in->out      fanout   Delay   Delay  Logical Name (Net Name)
    ----------------------------------------  ------------
     IBUF:I->O             7   1.222   1.002  btn_1_IBUF (btn_1_IBUF)
     LUT3:I0->O            1   0.205   0.924  db_unit/m_tick<18>4_SW1 (N8)
     LUT6:I1->O            1   0.203   0.000  db_unit/state_reg_FSM_FFd2-In1 (db_unit/state_reg_FSM_FFd2-In)
     FDC:D                     0.102          db_unit/state_reg_FSM_FFd2
    ----------------------------------------
    Total                      3.658ns (1.732ns logic, 1.926ns route)
                                       (47.4% logic, 52.6% route)

=========================================================================
Timing constraint: Default OFFSET OUT AFTER for Clock 'clk'
  Total number of paths / destination ports: 178 / 12
-------------------------------------------------------------------------
Offset:              6.217ns (Levels of Logic = 3)
  Source:            disp_unit/q_reg_16 (FF)
  Destination:       sseg<6> (PAD)
  Source Clock:      clk rising

  Data Path: disp_unit/q_reg_16 to sseg<6>
                                Gate     Net
    Cell:in->out      fanout   Delay   Delay  Logical Name (Net Name)
    ----------------------------------------  ------------
     FDC:C->Q              9   0.447   1.194  disp_unit/q_reg_16 (disp_unit/q_reg_16)
     LUT6:I0->O            7   0.203   1.021  disp_unit/Mmux_hex_in<0>11 (disp_unit/hex_in<0>)
     LUT4:I0->O            1   0.203   0.579  disp_unit/Mram__n0051[0:6]111 (sseg_1_OBUF)
     OBUF:I->O                 2.571          sseg_1_OBUF (sseg<1>)
    ----------------------------------------
    Total                      6.217ns (3.424ns logic, 2.793ns route)
                                       (55.1% logic, 44.9% route)

=========================================================================

Cross Clock Domains Report:
--------------------------

Clock to Setup on destination clock clk
---------------+---------+---------+---------+---------+
               | Src:Rise| Src:Fall| Src:Rise| Src:Fall|
Source Clock   |Dest:Rise|Dest:Rise|Dest:Fall|Dest:Fall|
---------------+---------+---------+---------+---------+
clk            |    2.818|         |         |         |
---------------+---------+---------+---------+---------+

=========================================================================


Total REAL time to Xst completion: 10.00 secs
Total CPU time to Xst completion: 10.43 secs
 
--> 

Total memory usage is 254744 kilobytes

Number of errors   :    0 (   0 filtered)
Number of warnings :    4 (   0 filtered)
Number of infos    :    2 (   0 filtered)

