Release 14.7 - xst P.20131013 (nt64)
Copyright (c) 1995-2013 Xilinx, Inc.  All rights reserved.
--> Parameter TMPDIR set to xst/projnav.tmp


Total REAL time to Xst completion: 0.00 secs
Total CPU time to Xst completion: 0.09 secs
 
--> Parameter xsthdpdir set to xst


Total REAL time to Xst completion: 0.00 secs
Total CPU time to Xst completion: 0.09 secs
 
--> Reading design: wishbone_servo.prj

TABLE OF CONTENTS
  1) Synthesis Options Summary
  2) HDL Parsing
  3) HDL Elaboration
  4) HDL Synthesis
       4.1) HDL Synthesis Report
  5) Advanced HDL Synthesis
       5.1) Advanced HDL Synthesis Report
  6) Low Level Synthesis
  7) Partition Report
  8) Design Summary
       8.1) Primitive and Black Box Usage
       8.2) Device utilization summary
       8.3) Partition Resource Summary
       8.4) Timing Report
            8.4.1) Clock Information
            8.4.2) Asynchronous Control Signals Information
            8.4.3) Timing Summary
            8.4.4) Timing Details
            8.4.5) Cross Clock Domains Report


=========================================================================
*                      Synthesis Options Summary                        *
=========================================================================
---- Source Parameters
Input File Name                    : "wishbone_servo.prj"
Ignore Synthesis Constraint File   : NO

---- Target Parameters
Output File Name                   : "wishbone_servo"
Output Format                      : NGC
Target Device                      : xc6slx9-3-tqg144

---- Source Options
Top Module Name                    : wishbone_servo
Automatic FSM Extraction           : YES
FSM Encoding Algorithm             : Auto
Safe Implementation                : No
FSM Style                          : LUT
RAM Extraction                     : Yes
RAM Style                          : Auto
ROM Extraction                     : Yes
Shift Register Extraction          : YES
ROM Style                          : Auto
Resource Sharing                   : YES
Asynchronous To Synchronous        : NO
Shift Register Minimum Size        : 2
Use DSP Block                      : Auto
Automatic Register Balancing       : No

---- Target Options
LUT Combining                      : Auto
Reduce Control Sets                : Auto
Add IO Buffers                     : YES
Global Maximum Fanout              : 100000
Add Generic Clock Buffer(BUFG)     : 16
Register Duplication               : YES
Optimize Instantiated Primitives   : NO
Use Clock Enable                   : Auto
Use Synchronous Set                : Auto
Use Synchronous Reset              : Auto
Pack IO Registers into IOBs        : Auto
Equivalent register Removal        : YES

---- General Options
Optimization Goal                  : Speed
Optimization Effort                : 1
Power Reduction                    : NO
Keep Hierarchy                     : No
Netlist Hierarchy                  : As_Optimized
RTL Output                         : Yes
Global Optimization                : AllClockNets
Read Cores                         : YES
Write Timing Constraints           : NO
Cross Clock Analysis               : NO
Hierarchy Separator                : /
Bus Delimiter                      : <>
Case Specifier                     : Maintain
Slice Utilization Ratio            : 100
BRAM Utilization Ratio             : 100
DSP48 Utilization Ratio            : 100
Auto BRAM Packing                  : NO
Slice Utilization Ratio Delta      : 5

=========================================================================


=========================================================================
*                          HDL Parsing                                  *
=========================================================================
Parsing VHDL file "D:\Dropbox\Prj\Valent\LOGI-FAMILY\1logi-github\1NEW-DEV\logi-hard\utils\logi_utils_pack.vhd" into library work
Parsing package <logi_utils_pack>.
Parsing package body <logi_utils_pack>.
Parsing VHDL file "D:\Dropbox\Prj\Valent\LOGI-FAMILY\1logi-github\1NEW-DEV\logi-hard\control\servo_controller.vhd" into library work
Parsing entity <servo_controller>.
Parsing architecture <Behavioral> of entity <servo_controller>.
Parsing VHDL file "D:\Dropbox\Prj\Valent\LOGI-FAMILY\1logi-github\1NEW-DEV\logi-hard\wishbone\peripherals\wishbone_servo.vhd" into library work
Parsing entity <wishbone_servo>.
Parsing architecture <Behavioral> of entity <wishbone_servo>.

=========================================================================
*                            HDL Elaboration                            *
=========================================================================

Elaborating entity <wishbone_servo> (architecture <Behavioral>) with generics from library <work>.

Elaborating entity <servo_controller> (architecture <Behavioral>) with generics from library <work>.
INFO:HDLCompiler:679 - "D:\Dropbox\Prj\Valent\LOGI-FAMILY\1logi-github\1NEW-DEV\logi-hard\control\servo_controller.vhd" Line 120. Case statement is complete. others clause is never selected

=========================================================================
*                           HDL Synthesis                               *
=========================================================================

Synthesizing Unit <wishbone_servo>.
    Related source file is "D:\Dropbox\Prj\Valent\LOGI-FAMILY\1logi-github\1NEW-DEV\logi-hard\wishbone\peripherals\wishbone_servo.vhd".
        NB_SERVOS = 2
        wb_size = 16
        pos_width = 8
        clock_period = 10
        minimum_high_pulse_width = 1000000
        maximum_high_pulse_width = 2000000
WARNING:Xst:647 - Input <wbs_address<15:2>> is never used. This port will be preserved and left unconnected if it belongs to a top-level block or it belongs to a sub-block and the hierarchy of this sub-block is preserved.
    Found 1-bit register for signal <write_ack>.
    Found 16-bit register for signal <pos_regs<1>>.
    Found 16-bit register for signal <pos_regs<0>>.
    Found 1-bit register for signal <read_ack>.
    Found 16-bit register for signal <failsafe_regs<0>>.
    Found 16-bit register for signal <failsafe_regs<1>>.
    Summary:
	inferred  66 D-type flip-flop(s).
	inferred   3 Multiplexer(s).
Unit <wishbone_servo> synthesized.

Synthesizing Unit <servo_controller>.
    Related source file is "D:\Dropbox\Prj\Valent\LOGI-FAMILY\1logi-github\1NEW-DEV\logi-hard\control\servo_controller.vhd".
        pos_width = 8
        clock_period = 10
        minimum_high_pulse_width = 1000000
        maximum_high_pulse_width = 2000000
    Found 2-bit register for signal <current_state>.
    Found 1-bit register for signal <servo_out>.
    Found 11-bit register for signal <step_gen_counter>.
    Found 15-bit register for signal <servo_step_counter>.
    Found finite state machine <FSM_0> for signal <current_state>.
    -----------------------------------------------------------------------
    | States             | 4                                              |
    | Transitions        | 7                                              |
    | Inputs             | 2                                              |
    | Outputs            | 5                                              |
    | Clock              | clk (rising_edge)                              |
    | Reset              | rst (positive)                                 |
    | Reset type         | asynchronous                                   |
    | Reset State        | reset                                          |
    | Power Up State     | reset                                          |
    | Encoding           | auto                                           |
    | Implementation     | LUT                                            |
    -----------------------------------------------------------------------
    Found 11-bit adder for signal <step_gen_counter[10]_GND_9_o_add_20_OUT> created at line 155.
    Found 15-bit adder for signal <servo_step_counter[14]_GND_9_o_add_25_OUT> created at line 166.
    Found 15-bit comparator greater for signal <servo_step_counter[14]_GND_9_o_LessThan_19_o> created at line 137
    Summary:
	inferred   2 Adder/Subtractor(s).
	inferred  27 D-type flip-flop(s).
	inferred   1 Comparator(s).
	inferred   3 Multiplexer(s).
	inferred   1 Finite State Machine(s).
Unit <servo_controller> synthesized.

=========================================================================
HDL Synthesis Report

Macro Statistics
# Adders/Subtractors                                   : 4
 11-bit adder                                          : 2
 15-bit adder                                          : 2
# Registers                                            : 12
 1-bit register                                        : 4
 11-bit register                                       : 2
 15-bit register                                       : 2
 16-bit register                                       : 4
# Comparators                                          : 2
 15-bit comparator greater                             : 2
# Multiplexers                                         : 9
 1-bit 2-to-1 multiplexer                              : 6
 16-bit 2-to-1 multiplexer                             : 3
# FSMs                                                 : 2

=========================================================================

=========================================================================
*                       Advanced HDL Synthesis                          *
=========================================================================


Synthesizing (advanced) Unit <servo_controller>.
The following registers are absorbed into counter <step_gen_counter>: 1 register on signal <step_gen_counter>.
The following registers are absorbed into counter <servo_step_counter>: 1 register on signal <servo_step_counter>.
Unit <servo_controller> synthesized (advanced).
WARNING:Xst:2677 - Node <failsafe_regs_0_8> of sequential type is unconnected in block <wishbone_servo>.
WARNING:Xst:2677 - Node <failsafe_regs_0_9> of sequential type is unconnected in block <wishbone_servo>.
WARNING:Xst:2677 - Node <failsafe_regs_0_10> of sequential type is unconnected in block <wishbone_servo>.
WARNING:Xst:2677 - Node <failsafe_regs_0_11> of sequential type is unconnected in block <wishbone_servo>.
WARNING:Xst:2677 - Node <failsafe_regs_0_12> of sequential type is unconnected in block <wishbone_servo>.
WARNING:Xst:2677 - Node <failsafe_regs_0_13> of sequential type is unconnected in block <wishbone_servo>.
WARNING:Xst:2677 - Node <failsafe_regs_0_14> of sequential type is unconnected in block <wishbone_servo>.
WARNING:Xst:2677 - Node <failsafe_regs_0_15> of sequential type is unconnected in block <wishbone_servo>.
WARNING:Xst:2677 - Node <failsafe_regs_1_8> of sequential type is unconnected in block <wishbone_servo>.
WARNING:Xst:2677 - Node <failsafe_regs_1_9> of sequential type is unconnected in block <wishbone_servo>.
WARNING:Xst:2677 - Node <failsafe_regs_1_10> of sequential type is unconnected in block <wishbone_servo>.
WARNING:Xst:2677 - Node <failsafe_regs_1_11> of sequential type is unconnected in block <wishbone_servo>.
WARNING:Xst:2677 - Node <failsafe_regs_1_12> of sequential type is unconnected in block <wishbone_servo>.
WARNING:Xst:2677 - Node <failsafe_regs_1_13> of sequential type is unconnected in block <wishbone_servo>.
WARNING:Xst:2677 - Node <failsafe_regs_1_14> of sequential type is unconnected in block <wishbone_servo>.
WARNING:Xst:2677 - Node <failsafe_regs_1_15> of sequential type is unconnected in block <wishbone_servo>.

=========================================================================
Advanced HDL Synthesis Report

Macro Statistics
# Counters                                             : 4
 11-bit up counter                                     : 2
 15-bit up counter                                     : 2
# Registers                                            : 52
 Flip-Flops                                            : 52
# Comparators                                          : 2
 15-bit comparator greater                             : 2
# Multiplexers                                         : 38
 1-bit 2-to-1 multiplexer                              : 38
# FSMs                                                 : 2

=========================================================================

=========================================================================
*                         Low Level Synthesis                           *
=========================================================================
Analyzing FSM <MFsm> for best encoding.
Optimizing FSM <gen_servo_ctrl[0].servo_ctrl/FSM_0> on signal <current_state[1:2]> with gray encoding.
Optimizing FSM <gen_servo_ctrl[1].servo_ctrl/FSM_0> on signal <current_state[1:2]> with gray encoding.
----------------------------
 State          | Encoding
----------------------------
 reset          | 00
 min_high_pulse | 01
 servo_pulse    | 11
 low_pulse      | 10
----------------------------

Optimizing unit <wishbone_servo> ...

Optimizing unit <servo_controller> ...
INFO:Xst:2261 - The FF/Latch <gen_servo_ctrl[1].servo_ctrl/servo_step_counter_0> in Unit <wishbone_servo> is equivalent to the following FF/Latch, which will be removed : <gen_servo_ctrl[0].servo_ctrl/servo_step_counter_0> 
INFO:Xst:2261 - The FF/Latch <gen_servo_ctrl[1].servo_ctrl/servo_step_counter_1> in Unit <wishbone_servo> is equivalent to the following FF/Latch, which will be removed : <gen_servo_ctrl[0].servo_ctrl/servo_step_counter_1> 
INFO:Xst:2261 - The FF/Latch <gen_servo_ctrl[1].servo_ctrl/servo_step_counter_2> in Unit <wishbone_servo> is equivalent to the following FF/Latch, which will be removed : <gen_servo_ctrl[0].servo_ctrl/servo_step_counter_2> 
INFO:Xst:2261 - The FF/Latch <gen_servo_ctrl[1].servo_ctrl/servo_step_counter_3> in Unit <wishbone_servo> is equivalent to the following FF/Latch, which will be removed : <gen_servo_ctrl[0].servo_ctrl/servo_step_counter_3> 
INFO:Xst:2261 - The FF/Latch <gen_servo_ctrl[1].servo_ctrl/servo_step_counter_4> in Unit <wishbone_servo> is equivalent to the following FF/Latch, which will be removed : <gen_servo_ctrl[0].servo_ctrl/servo_step_counter_4> 
INFO:Xst:2261 - The FF/Latch <gen_servo_ctrl[1].servo_ctrl/servo_step_counter_5> in Unit <wishbone_servo> is equivalent to the following FF/Latch, which will be removed : <gen_servo_ctrl[0].servo_ctrl/servo_step_counter_5> 
INFO:Xst:2261 - The FF/Latch <gen_servo_ctrl[1].servo_ctrl/servo_step_counter_6> in Unit <wishbone_servo> is equivalent to the following FF/Latch, which will be removed : <gen_servo_ctrl[0].servo_ctrl/servo_step_counter_6> 
INFO:Xst:2261 - The FF/Latch <gen_servo_ctrl[1].servo_ctrl/servo_step_counter_7> in Unit <wishbone_servo> is equivalent to the following FF/Latch, which will be removed : <gen_servo_ctrl[0].servo_ctrl/servo_step_counter_7> 
INFO:Xst:2261 - The FF/Latch <gen_servo_ctrl[1].servo_ctrl/step_gen_counter_0> in Unit <wishbone_servo> is equivalent to the following FF/Latch, which will be removed : <gen_servo_ctrl[0].servo_ctrl/step_gen_counter_0> 
INFO:Xst:2261 - The FF/Latch <gen_servo_ctrl[1].servo_ctrl/servo_step_counter_8> in Unit <wishbone_servo> is equivalent to the following FF/Latch, which will be removed : <gen_servo_ctrl[0].servo_ctrl/servo_step_counter_8> 
INFO:Xst:2261 - The FF/Latch <gen_servo_ctrl[1].servo_ctrl/step_gen_counter_1> in Unit <wishbone_servo> is equivalent to the following FF/Latch, which will be removed : <gen_servo_ctrl[0].servo_ctrl/step_gen_counter_1> 
INFO:Xst:2261 - The FF/Latch <gen_servo_ctrl[1].servo_ctrl/servo_step_counter_9> in Unit <wishbone_servo> is equivalent to the following FF/Latch, which will be removed : <gen_servo_ctrl[0].servo_ctrl/servo_step_counter_9> 
INFO:Xst:2261 - The FF/Latch <gen_servo_ctrl[1].servo_ctrl/step_gen_counter_2> in Unit <wishbone_servo> is equivalent to the following FF/Latch, which will be removed : <gen_servo_ctrl[0].servo_ctrl/step_gen_counter_2> 
INFO:Xst:2261 - The FF/Latch <gen_servo_ctrl[1].servo_ctrl/step_gen_counter_3> in Unit <wishbone_servo> is equivalent to the following FF/Latch, which will be removed : <gen_servo_ctrl[0].servo_ctrl/step_gen_counter_3> 
INFO:Xst:2261 - The FF/Latch <gen_servo_ctrl[1].servo_ctrl/step_gen_counter_4> in Unit <wishbone_servo> is equivalent to the following FF/Latch, which will be removed : <gen_servo_ctrl[0].servo_ctrl/step_gen_counter_4> 
INFO:Xst:2261 - The FF/Latch <gen_servo_ctrl[1].servo_ctrl/step_gen_counter_5> in Unit <wishbone_servo> is equivalent to the following FF/Latch, which will be removed : <gen_servo_ctrl[0].servo_ctrl/step_gen_counter_5> 
INFO:Xst:2261 - The FF/Latch <gen_servo_ctrl[1].servo_ctrl/step_gen_counter_6> in Unit <wishbone_servo> is equivalent to the following FF/Latch, which will be removed : <gen_servo_ctrl[0].servo_ctrl/step_gen_counter_6> 
INFO:Xst:2261 - The FF/Latch <gen_servo_ctrl[1].servo_ctrl/step_gen_counter_7> in Unit <wishbone_servo> is equivalent to the following FF/Latch, which will be removed : <gen_servo_ctrl[0].servo_ctrl/step_gen_counter_7> 
INFO:Xst:2261 - The FF/Latch <gen_servo_ctrl[1].servo_ctrl/step_gen_counter_8> in Unit <wishbone_servo> is equivalent to the following FF/Latch, which will be removed : <gen_servo_ctrl[0].servo_ctrl/step_gen_counter_8> 
INFO:Xst:2261 - The FF/Latch <gen_servo_ctrl[1].servo_ctrl/step_gen_counter_9> in Unit <wishbone_servo> is equivalent to the following FF/Latch, which will be removed : <gen_servo_ctrl[0].servo_ctrl/step_gen_counter_9> 
INFO:Xst:2261 - The FF/Latch <gen_servo_ctrl[1].servo_ctrl/servo_step_counter_10> in Unit <wishbone_servo> is equivalent to the following FF/Latch, which will be removed : <gen_servo_ctrl[0].servo_ctrl/servo_step_counter_10> 
INFO:Xst:2261 - The FF/Latch <gen_servo_ctrl[1].servo_ctrl/servo_step_counter_11> in Unit <wishbone_servo> is equivalent to the following FF/Latch, which will be removed : <gen_servo_ctrl[0].servo_ctrl/servo_step_counter_11> 
INFO:Xst:2261 - The FF/Latch <gen_servo_ctrl[1].servo_ctrl/current_state_FSM_FFd1> in Unit <wishbone_servo> is equivalent to the following FF/Latch, which will be removed : <gen_servo_ctrl[0].servo_ctrl/current_state_FSM_FFd1> 
INFO:Xst:2261 - The FF/Latch <gen_servo_ctrl[1].servo_ctrl/servo_step_counter_12> in Unit <wishbone_servo> is equivalent to the following FF/Latch, which will be removed : <gen_servo_ctrl[0].servo_ctrl/servo_step_counter_12> 
INFO:Xst:2261 - The FF/Latch <gen_servo_ctrl[1].servo_ctrl/current_state_FSM_FFd2> in Unit <wishbone_servo> is equivalent to the following FF/Latch, which will be removed : <gen_servo_ctrl[0].servo_ctrl/current_state_FSM_FFd2> 
INFO:Xst:2261 - The FF/Latch <gen_servo_ctrl[1].servo_ctrl/servo_step_counter_13> in Unit <wishbone_servo> is equivalent to the following FF/Latch, which will be removed : <gen_servo_ctrl[0].servo_ctrl/servo_step_counter_13> 
INFO:Xst:2261 - The FF/Latch <gen_servo_ctrl[1].servo_ctrl/servo_step_counter_14> in Unit <wishbone_servo> is equivalent to the following FF/Latch, which will be removed : <gen_servo_ctrl[0].servo_ctrl/servo_step_counter_14> 
INFO:Xst:2261 - The FF/Latch <gen_servo_ctrl[1].servo_ctrl/step_gen_counter_10> in Unit <wishbone_servo> is equivalent to the following FF/Latch, which will be removed : <gen_servo_ctrl[0].servo_ctrl/step_gen_counter_10> 

Mapping all equations...
Building and optimizing final netlist ...
Found area constraint ratio of 100 (+ 5) on block wishbone_servo, actual ratio is 2.

Final Macro Processing ...

=========================================================================
Final Register Report

Macro Statistics
# Registers                                            : 80
 Flip-Flops                                            : 80

=========================================================================

=========================================================================
*                           Partition Report                            *
=========================================================================

Partition Implementation Status
-------------------------------

  No Partitions were found in this design.

-------------------------------

=========================================================================
*                            Design Summary                             *
=========================================================================

Top Level Output File Name         : wishbone_servo.ngc

Primitive and Black Box Usage:
------------------------------
# BELS                             : 188
#      GND                         : 1
#      INV                         : 4
#      LUT1                        : 24
#      LUT2                        : 3
#      LUT3                        : 35
#      LUT4                        : 38
#      LUT5                        : 11
#      LUT6                        : 9
#      MUXCY                       : 36
#      VCC                         : 1
#      XORCY                       : 26
# FlipFlops/Latches                : 80
#      FD                          : 27
#      FDC                         : 3
#      FDCE                        : 28
#      FDE                         : 16
#      FDPE                        : 4
#      FDS                         : 2
# Clock Buffers                    : 1
#      BUFGP                       : 1
# IO Buffers                       : 42
#      IBUF                        : 23
#      OBUF                        : 19

Device utilization summary:
---------------------------

Selected Device : 6slx9tqg144-3 


Slice Logic Utilization: 
 Number of Slice Registers:              80  out of  11440     0%  
 Number of Slice LUTs:                  124  out of   5720     2%  
    Number used as Logic:               124  out of   5720     2%  

Slice Logic Distribution: 
 Number of LUT Flip Flop pairs used:    154
   Number with an unused Flip Flop:      74  out of    154    48%  
   Number with an unused LUT:            30  out of    154    19%  
   Number of fully used LUT-FF pairs:    50  out of    154    32%  
   Number of unique control sets:         7

IO Utilization: 
 Number of IOs:                          57
 Number of bonded IOBs:                  43  out of    102    42%  

Specific Feature Utilization:
 Number of BUFG/BUFGCTRLs:                1  out of     16     6%  

---------------------------
Partition Resource Summary:
---------------------------

  No Partitions were found in this design.

---------------------------


=========================================================================
Timing Report

NOTE: THESE TIMING NUMBERS ARE ONLY A SYNTHESIS ESTIMATE.
      FOR ACCURATE TIMING INFORMATION PLEASE REFER TO THE TRACE REPORT
      GENERATED AFTER PLACE-and-ROUTE.

Clock Information:
------------------
-----------------------------------+------------------------+-------+
Clock Signal                       | Clock buffer(FF name)  | Load  |
-----------------------------------+------------------------+-------+
gls_clk                            | BUFGP                  | 80    |
-----------------------------------+------------------------+-------+

Asynchronous Control Signals Information:
----------------------------------------
No asynchronous control signals found in this design

Timing Summary:
---------------
Speed Grade: -3

   Minimum period: 4.800ns (Maximum Frequency: 208.349MHz)
   Minimum input arrival time before clock: 5.115ns
   Maximum output required time after clock: 4.521ns
   Maximum combinational path delay: 5.898ns

Timing Details:
---------------
All values displayed in nanoseconds (ns)

=========================================================================
Timing constraint: Default period analysis for Clock 'gls_clk'
  Clock period: 4.800ns (frequency: 208.349MHz)
  Total number of paths / destination ports: 931 / 33
-------------------------------------------------------------------------
Delay:               4.800ns (Levels of Logic = 4)
  Source:            gen_servo_ctrl[1].servo_ctrl/servo_step_counter_0 (FF)
  Destination:       gen_servo_ctrl[1].servo_ctrl/servo_step_counter_14 (FF)
  Source Clock:      gls_clk rising
  Destination Clock: gls_clk rising

  Data Path: gen_servo_ctrl[1].servo_ctrl/servo_step_counter_0 to gen_servo_ctrl[1].servo_ctrl/servo_step_counter_14
                                Gate     Net
    Cell:in->out      fanout   Delay   Delay  Logical Name (Net Name)
    ----------------------------------------  ------------
     FD:C->Q               7   0.447   1.118  gen_servo_ctrl[1].servo_ctrl/servo_step_counter_0 (gen_servo_ctrl[1].servo_ctrl/servo_step_counter_0)
     LUT6:I1->O            1   0.203   0.684  gen_servo_ctrl[1].servo_ctrl/GND_9_o_GND_9_o_equal_13_o<14>11 (gen_servo_ctrl[1].servo_ctrl/GND_9_o_GND_9_o_equal_13_o<14>11)
     LUT2:I0->O            3   0.203   0.651  gen_servo_ctrl[1].servo_ctrl/GND_9_o_GND_9_o_equal_13_o<14>13 (gen_servo_ctrl[1].servo_ctrl/GND_9_o_GND_9_o_equal_13_o<14>1)
     LUT6:I5->O           15   0.205   0.982  gen_servo_ctrl[1].servo_ctrl/Mmux_rst_servo_step_counter11 (gen_servo_ctrl[1].servo_ctrl/rst_servo_step_counter)
     LUT4:I3->O            1   0.205   0.000  gen_servo_ctrl[1].servo_ctrl/servo_step_counter_14_rstpot (gen_servo_ctrl[1].servo_ctrl/servo_step_counter_14_rstpot)
     FD:D                      0.102          gen_servo_ctrl[1].servo_ctrl/servo_step_counter_14
    ----------------------------------------
    Total                      4.800ns (1.365ns logic, 3.435ns route)
                                       (28.4% logic, 71.6% route)

=========================================================================
Timing constraint: Default OFFSET IN BEFORE for Clock 'gls_clk'
  Total number of paths / destination ports: 378 / 135
-------------------------------------------------------------------------
Offset:              5.115ns (Levels of Logic = 7)
  Source:            failsafe (PAD)
  Destination:       gen_servo_ctrl[1].servo_ctrl/servo_out (FF)
  Destination Clock: gls_clk rising

  Data Path: failsafe to gen_servo_ctrl[1].servo_ctrl/servo_out
                                Gate     Net
    Cell:in->out      fanout   Delay   Delay  Logical Name (Net Name)
    ----------------------------------------  ------------
     IBUF:I->O            16   1.222   1.233  failsafe_IBUF (failsafe_IBUF)
     LUT3:I0->O            2   0.205   0.961  mux2211 (servo_pos<1><6>)
     LUT5:I0->O            1   0.203   0.000  gen_servo_ctrl[1].servo_ctrl/Mcompar_servo_step_counter[14]_GND_9_o_LessThan_19_o_lut<3> (gen_servo_ctrl[1].servo_ctrl/Mcompar_servo_step_counter[14]_GND_9_o_LessThan_19_o_lut<3>)
     MUXCY:S->O            1   0.172   0.000  gen_servo_ctrl[1].servo_ctrl/Mcompar_servo_step_counter[14]_GND_9_o_LessThan_19_o_cy<3> (gen_servo_ctrl[1].servo_ctrl/Mcompar_servo_step_counter[14]_GND_9_o_LessThan_19_o_cy<3>)
     MUXCY:CI->O           1   0.019   0.000  gen_servo_ctrl[1].servo_ctrl/Mcompar_servo_step_counter[14]_GND_9_o_LessThan_19_o_cy<4> (gen_servo_ctrl[1].servo_ctrl/Mcompar_servo_step_counter[14]_GND_9_o_LessThan_19_o_cy<4>)
     MUXCY:CI->O           1   0.213   0.580  gen_servo_ctrl[1].servo_ctrl/Mcompar_servo_step_counter[14]_GND_9_o_LessThan_19_o_cy<5> (gen_servo_ctrl[1].servo_ctrl/Mcompar_servo_step_counter[14]_GND_9_o_LessThan_19_o_cy<5>)
     LUT3:I2->O            1   0.205   0.000  gen_servo_ctrl[1].servo_ctrl/PWR_10_o_servo_step_counter[14]_AND_19_o1 (gen_servo_ctrl[1].servo_ctrl/PWR_10_o_servo_step_counter[14]_AND_19_o)
     FDS:D                     0.102          gen_servo_ctrl[1].servo_ctrl/servo_out
    ----------------------------------------
    Total                      5.115ns (2.341ns logic, 2.774ns route)
                                       (45.8% logic, 54.2% route)

=========================================================================
Timing constraint: Default OFFSET OUT AFTER for Clock 'gls_clk'
  Total number of paths / destination ports: 36 / 19
-------------------------------------------------------------------------
Offset:              4.521ns (Levels of Logic = 2)
  Source:            pos_regs_0_7 (FF)
  Destination:       wbs_readdata<7> (PAD)
  Source Clock:      gls_clk rising

  Data Path: pos_regs_0_7 to wbs_readdata<7>
                                Gate     Net
    Cell:in->out      fanout   Delay   Delay  Logical Name (Net Name)
    ----------------------------------------  ------------
     FDPE:C->Q             2   0.447   0.721  pos_regs_0_7 (pos_regs_0_7)
     LUT3:I1->O            1   0.203   0.579  mux1311 (wbs_readdata_7_OBUF)
     OBUF:I->O                 2.571          wbs_readdata_7_OBUF (wbs_readdata<7>)
    ----------------------------------------
    Total                      4.521ns (3.221ns logic, 1.300ns route)
                                       (71.2% logic, 28.8% route)

=========================================================================
Timing constraint: Default path analysis
  Total number of paths / destination ports: 16 / 16
-------------------------------------------------------------------------
Delay:               5.898ns (Levels of Logic = 3)
  Source:            wbs_address<0> (PAD)
  Destination:       wbs_readdata<15> (PAD)

  Data Path: wbs_address<0> to wbs_readdata<15>
                                Gate     Net
    Cell:in->out      fanout   Delay   Delay  Logical Name (Net Name)
    ----------------------------------------  ------------
     IBUF:I->O            20   1.222   1.321  wbs_address_0_IBUF (wbs_address_0_IBUF)
     LUT3:I0->O            1   0.205   0.579  mux1101 (wbs_readdata_0_OBUF)
     OBUF:I->O                 2.571          wbs_readdata_0_OBUF (wbs_readdata<0>)
    ----------------------------------------
    Total                      5.898ns (3.998ns logic, 1.900ns route)
                                       (67.8% logic, 32.2% route)

=========================================================================

Cross Clock Domains Report:
--------------------------

Clock to Setup on destination clock gls_clk
---------------+---------+---------+---------+---------+
               | Src:Rise| Src:Fall| Src:Rise| Src:Fall|
Source Clock   |Dest:Rise|Dest:Rise|Dest:Fall|Dest:Fall|
---------------+---------+---------+---------+---------+
gls_clk        |    4.800|         |         |         |
---------------+---------+---------+---------+---------+

=========================================================================


Total REAL time to Xst completion: 6.00 secs
Total CPU time to Xst completion: 6.18 secs
 
--> 

Total memory usage is 265364 kilobytes

Number of errors   :    0 (   0 filtered)
Number of warnings :   17 (   0 filtered)
Number of infos    :   28 (   0 filtered)

